gcc -I/data/data/com.termux/files/usr/include/libxml2 -I/data/data/com.termux/files/usr/include/libxslt testWriter.c -o testWriter -L/data/data/com.termux/files/usr/lib -lxml2 -lxslt
testWriter.c:59:5: warning: 'xmlMemoryDump' is deprecated [-Wdeprecated-declarations]
   59 |     xmlMemoryDump();
      |     ^
/data/data/com.termux/files/usr/include/libxml2/libxml/xmlmemory.h:159:1: note: 'xmlMemoryDump' has been explicitly marked deprecated here
  159 | XML_DEPRECATED
      | ^
/data/data/com.termux/files/usr/include/libxml2/libxml/xmlexports.h:61:43: note: expanded from macro 'XML_DEPRECATED'
   61 |     #define XML_DEPRECATED __attribute__((deprecated))
      |                                           ^
testWriter.c:610:43: warning: 'content' is deprecated [-Wdeprecated-declarations]
  610 |     fprintf(fp, "%s", (const char *) buf->content);
      |                                           ^
/data/data/com.termux/files/usr/include/libxml2/libxml/tree.h:103:22: note: 'content' has been explicitly marked deprecated here
  103 |     xmlChar *content XML_DEPRECATED_MEMBER;
      |                      ^
/data/data/com.termux/files/usr/include/libxml2/libxml/xmlexports.h:74:50: note: expanded from macro 'XML_DEPRECATED_MEMBER'
   74 |     #define XML_DEPRECATED_MEMBER __attribute__((deprecated))
      |                                                  ^
2 warnings generated.
